Microchip MPLAB XC8 Compiler V2.32

Linker command line:

-W-3 --edf=C:\Program Files\Microchip\xc8\v2.32\pic\dat\en_msgs.txt \
  -pivt0x8=08h -cn -h+dist/default/production\FingerPrint.X.production.sym \
  --cmf=dist/default/production\FingerPrint.X.production.cmf -z -Q18LF47K42 \
  -oC:\Users\muham\AppData\Local\Temp\xcAs69g.4 --defsym=__MPLAB_BUILD=1 \
  -Mdist/default/production/FingerPrint.X.production.map -E1 \
  -ver=XC8 Compiler --acfsm=1493 -ASTACK=0E2h-01FFFh -pstack=STACK \
  -ACODE=00h-01FFFFh -ACONST=00h-01FFFFh -ASMALLCONST=02000h-020FFhx480 \
  -AMEDIUMCONST=02000h-0FFFFh,012000h-01FFFFh -ACOMRAM=01h-05Fh \
  -AABS1=00h-01FFFh -ABIGRAM=01h-01FFFh -ARAM=060h-0FFh,0100h-01FFhx31 \
  -ABANK0=060h-0FFh -ABANK1=0100h-01FFh -ABANK2=0200h-02FFh \
  -ABANK3=0300h-03FFh -ABANK4=0400h-04FFh -ABANK5=0500h-05FFh \
  -ABANK6=0600h-06FFh -ABANK7=0700h-07FFh -ABANK8=0800h-08FFh \
  -ABANK9=0900h-09FFh -ABANK10=0A00h-0AFFh -ABANK11=0B00h-0BFFh \
  -ABANK12=0C00h-0CFFh -ABANK13=0D00h-0DFFh -ABANK14=0E00h-0EFFh \
  -ABANK15=0F00h-0FFFh -ABANK16=01000h-010FFh -ABANK17=01100h-011FFh \
  -ABANK18=01200h-012FFh -ABANK19=01300h-013FFh -ABANK20=01400h-014FFh \
  -ABANK21=01500h-015FFh -ABANK22=01600h-016FFh -ABANK23=01700h-017FFh \
  -ABANK24=01800h-018FFh -ABANK25=01900h-019FFh -ABANK26=01A00h-01AFFh \
  -ABANK27=01B00h-01BFFh -ABANK28=01C00h-01CFFh -ABANK29=01D00h-01DFFh \
  -ABANK30=01E00h-01EFFh -ABANK31=01F00h-01FFFh \
  -ASFR=03800h-038FFhx7,03F00h-03F5Fh,03F60h-03FFFh \
  -ACONFIG=0300000h-0300009h -AIDLOC=0200000h-020000Fh \
  -AEEDATA=0310000h-03103FFh -peeprom_data=EEDATA -preset_vec=00h \
  -ppowerup=CODE,init -pramtop=02000h -psmallconst=SMALLCONST \
  -pmediumconst=MEDIUMCONST -pconst=CONST -AFARRAM=00h-00h \
  -prdata=COMRAM,nvrram=COMRAM,nvbit=COMRAM,rbss=COMRAM,rbit=COMRAM \
  -pfarbss=FARRAM,fardata=FARRAM,nvFARRAM=FARRAM \
  -pintsave_regs=BIGRAM,bigbss=BIGRAM,bigdata=BIGRAM -pbss=RAM \
  -pidata=CODE,irdata=CODE,ibigdata=CODE,ifardata=CODE -prparam=COMRAM \
  C:\Users\muham\AppData\Local\Temp\xcAs69g.o \
  dist/default/production\FingerPrint.X.production.o 

Object code version is 3.11

Machine type is 18LF47K42



                Name                               Link     Load   Length Selector   Space Scale
C:\Users\muham\AppData\Local\Temp\xcAs69g.o
                idloc                            200000   200000       10        0       5
                config                           300000   300000        A        0       4
                init                                 1A       1A        4        4       0
                reset_vec                             0        0        4        0       0
dist/default/production\FingerPrint.X.production.o
                idloc                            200000   200000       10        0       5
                config                           300000   300000        A        0       4
                mediumconst                        FEF4     FEF4      10C     7F7A       0
                ivt0x8                                8        8       12        4       0
                text36                            111AE    111AE       2C     8836       0
                text35                            112D8    112D8        6     8926       0
                text34                            112E4    112E4        2     8926       0
                text33                            112E2    112E2        2     8926       0
                text32                            1086E    1086E       C6     8000       0
                text31                            11218    11218       1A     8836       0
                text30                            110CA    110CA       44     8836       0
                text29                            10CE4    10CE4       78     8000       0
                text28                            1054C    1054C      21C     8000       0
                text27                            10B4A    10B4A       9A     8000       0
                text26                            111FE    111FE       1A     8836       0
                text25                            1114C    1114C       32     8836       0
                text24                            10934    10934       C4     8000       0
                text23                            10768    10768      106     8000       0
                text22                            1117E    1117E       30     8836       0
                text21                            1110E    1110E       3E     8836       0
                text20                            10C64    10C64       80     8000       0
                text19                            10F2A    10F2A       70     8000       0
                text18                            10E44    10E44       74     8000       0
                text17                            1106C    1106C       5E     8836       0
                text16                            10EB8    10EB8       72     8000       0
                text15                            11264    11264       18     8926       0
                text14                            112DE    112DE        4     8926       0
                text13                            1124C    1124C       18     8926       0
                text12                            10AB0    10AB0       9A     8000       0
                text11                            111DA    111DA       24     8836       0
                text10                            112CA    112CA        E     8926       0
                text9                             112BC    112BC        E     8926       0
                text8                             112AE    112AE        E     8926       0
                text7                             112A0    112A0        E     8926       0
                text6                             11292    11292        E     8926       0
                text5                             109F8    109F8       B8     8000       0
                text4                             1127C    1127C       16     8926       0
                text3                             10DD0    10DD0       74     8000       0
                text2                             10BE4    10BE4       80     8000       0
                text1                             10D5C    10D5C       74     8000       0
                text0                             10000    10000      54C     8000       0
                cstackCOMRAM                         25       25       1F        1       1
                dataBANK0                            60       60       63       60       1
                bssBANK0                             C3       C3       10       60       1
                dataCOMRAM                           44       44       19        1       1
                bssCOMRAM                             1        1       24        1       1
                cinit                             10F9A    10F9A       6E     8000       0
                nvBANK0                              D3       D3        F       60       1
                nvCOMRAM                             5D       5D        1        1       1
                idataBANK0                        11008    11008       63     8000       0
                idataCOMRAM                       11232    11232       19     8836       0

TOTAL           Name                               Link     Load   Length     Space
        CLASS   STACK          

        CLASS   CODE           
                init                                 1A       1A        4         0
                reset_vec                             0        0        4         0
                ivt0x8                                8        8       12         0
                text36                            111AE    111AE       2C         0
                text35                            112D8    112D8        6         0
                text34                            112E4    112E4        2         0
                text33                            112E2    112E2        2         0
                text32                            1086E    1086E       C6         0
                text31                            11218    11218       1A         0
                text30                            110CA    110CA       44         0
                text29                            10CE4    10CE4       78         0
                text28                            1054C    1054C      21C         0
                text27                            10B4A    10B4A       9A         0
                text26                            111FE    111FE       1A         0
                text25                            1114C    1114C       32         0
                text24                            10934    10934       C4         0
                text23                            10768    10768      106         0
                text22                            1117E    1117E       30         0
                text21                            1110E    1110E       3E         0
                text20                            10C64    10C64       80         0
                text19                            10F2A    10F2A       70         0
                text18                            10E44    10E44       74         0
                text17                            1106C    1106C       5E         0
                text16                            10EB8    10EB8       72         0
                text15                            11264    11264       18         0
                text14                            112DE    112DE        4         0
                text13                            1124C    1124C       18         0
                text12                            10AB0    10AB0       9A         0
                text11                            111DA    111DA       24         0
                text10                            112CA    112CA        E         0
                text9                             112BC    112BC        E         0
                text8                             112AE    112AE        E         0
                text7                             112A0    112A0        E         0
                text6                             11292    11292        E         0
                text5                             109F8    109F8       B8         0
                text4                             1127C    1127C       16         0
                text3                             10DD0    10DD0       74         0
                text2                             10BE4    10BE4       80         0
                text1                             10D5C    10D5C       74         0
                text0                             10000    10000      54C         0
                cinit                             10F9A    10F9A       6E         0
                idataBANK0                        11008    11008       63         0
                idataCOMRAM                       11232    11232       19         0

        CLASS   CONST          

        CLASS   SMALLCONST     

        CLASS   MEDIUMCONST    
                mediumconst                        FEF4     FEF4      10C         0

        CLASS   COMRAM         
                cstackCOMRAM                         25       25       1F         1
                dataCOMRAM                           44       44       19         1
                bssCOMRAM                             1        1       24         1
                nvCOMRAM                             5D       5D        1         1

        CLASS   ABS1           

        CLASS   BIGRAM         

        CLASS   RAM            

        CLASS   BANK0          
                dataBANK0                            60       60       63         1
                bssBANK0                             C3       C3       10         1
                nvBANK0                              D3       D3        F         1

        CLASS   BANK1          

        CLASS   BANK2          

        CLASS   BANK3          

        CLASS   BANK4          

        CLASS   BANK5          

        CLASS   BANK6          

        CLASS   BANK7          

        CLASS   BANK8          

        CLASS   BANK9          

        CLASS   BANK10         

        CLASS   BANK11         

        CLASS   BANK12         

        CLASS   BANK13         

        CLASS   BANK14         

        CLASS   BANK15         

        CLASS   BANK16         

        CLASS   BANK17         

        CLASS   BANK18         

        CLASS   BANK19         

        CLASS   BANK20         

        CLASS   BANK21         

        CLASS   BANK22         

        CLASS   BANK23         

        CLASS   BANK24         

        CLASS   BANK25         

        CLASS   BANK26         

        CLASS   BANK27         

        CLASS   BANK28         

        CLASS   BANK29         

        CLASS   BANK30         

        CLASS   BANK31         

        CLASS   SFR            

        CLASS   CONFIG         
                config                           300000   300000        A         4

        CLASS   IDLOC          
                idloc                            200000   200000       10         5

        CLASS   EEDATA         

        CLASS   FARRAM         



SEGMENTS        Name                           Load    Length   Top    Selector   Space  Class

                reset_vec                      000000  000004  000004         0       0  CODE    
                bssCOMRAM                      000001  00005D  00005E         1       1  COMRAM  
                ivt0x8                         000008  000016  00001E         4       0  CODE    
                dataBANK0                      000060  000082  0000E2        60       1  BANK0   
                mediumconst                    00FEF4  00010C  010000      7F7A       0  MEDIUMCO
                text0                          010000  00106B  01106B      8000       0  CODE    
                text17                         01106C  0001DF  01124B      8836       0  CODE    
                text13                         01124C  00009A  0112E6      8926       0  CODE    


UNUSED ADDRESS RANGES

        Name                Unused          Largest block    Delta
        BANK0            0000E2-0000FF               1E
        BANK1            000100-0001FF              100
        BANK10           000A00-000AFF              100
        BANK11           000B00-000BFF              100
        BANK12           000C00-000CFF              100
        BANK13           000D00-000DFF              100
        BANK14           000E00-000EFF              100
        BANK15           000F00-000FFF              100
        BANK16           001000-0010FF              100
        BANK17           001100-0011FF              100
        BANK18           001200-0012FF              100
        BANK19           001300-0013FF              100
        BANK2            000200-0002FF              100
        BANK20           001400-0014FF              100
        BANK21           001500-0015FF              100
        BANK22           001600-0016FF              100
        BANK23           001700-0017FF              100
        BANK24           001800-0018FF              100
        BANK25           001900-0019FF              100
        BANK26           001A00-001AFF              100
        BANK27           001B00-001BFF              100
        BANK28           001C00-001CFF              100
        BANK29           001D00-001DFF              100
        BANK3            000300-0003FF              100
        BANK30           001E00-001EFF              100
        BANK31           001F00-001FFF              100
        BANK4            000400-0004FF              100
        BANK5            000500-0005FF              100
        BANK6            000600-0006FF              100
        BANK7            000700-0007FF              100
        BANK8            000800-0008FF              100
        BANK9            000900-0009FF              100
        BIGRAM           00005E-00005F                2
                         0000E2-001FFF             1F1E
        CODE             000004-000007                4
                         00001E-00FEF3             FED6
                         01106B-01106B                1
                         01124B-01124B                1
                         0112E6-01FFFF             ED1A
        COMRAM           00005E-00005F                2
        CONST            000004-000007                4
                         00001E-00FEF3             FED6
                         01106B-01106B                1
                         01124B-01124B                1
                         0112E6-01FFFF             ED1A
        EEDATA           310000-3103FF              400
        MEDIUMCONST      002000-00FEF3             DEF4
                         012000-01FFFF             E000
        RAM              0000E2-001FFF              100
        SFR              003800-003FFF              100
        SMALLCONST       002000-00FEF3              100
                         01106B-01106B                1
                         01124B-01124B                1
                         0112E6-01FFFF              100
        STACK            0000E2-001FFF             1F1E

                                  Symbol Table

?___awdiv                                     cstackCOMRAM 000025
Delete_Finger@Id                              cstackCOMRAM 000029
Delete_Finger@i                               cstackCOMRAM 00002A
Gen_Model@i                                   cstackCOMRAM 000029
Gen_char@i                                    cstackCOMRAM 000029
Getfinger@i                                   cstackCOMRAM 000029
Handshake@i                                   cstackCOMRAM 000029
IVTBASEH                                      (abs)        003FD6
IVTBASEL                                      (abs)        003FD5
IVTBASEU                                      (abs)        003FD7
LCDPrintChar@ch                               cstackCOMRAM 00003B
LCDPrintChar@x                                cstackCOMRAM 00003A
LCDPrintChar@y                                cstackCOMRAM 000039
LCDPrintString@i                              cstackCOMRAM 00003F
LCDPrintString@i_213                          cstackCOMRAM 000040
LCDPrintString@string                         cstackCOMRAM 000039
LCDPrintString@x                              cstackCOMRAM 00003C
LCDPrintString@y                              cstackCOMRAM 00003B
LCDSendByte@byte                              cstackCOMRAM 000030
LCDSendByte@reg                               cstackCOMRAM 000033
LCDSendNibble@nibble                          cstackCOMRAM 00002F
LCDSetPos@addr                                cstackCOMRAM 000038
LCDSetPos@x                                   cstackCOMRAM 000037
LCDSetPos@y                                   cstackCOMRAM 000036
Rx_package_flush@i                            cstackCOMRAM 000025
Search_Finger@i                               cstackCOMRAM 000029
Store_char@Id                                 cstackCOMRAM 000029
Store_char@i                                  cstackCOMRAM 00002A
UART1_SetErrorHandler@interruptHandler        cstackCOMRAM 000025
UART1_SetFramingErrorHandler@interruptHandler cstackCOMRAM 000025
UART1_SetOverrunErrorHandler@interruptHandler cstackCOMRAM 000025
UART1_SetRxInterruptHandler@InterruptHandler  cstackCOMRAM 000025
UART1_SetTxInterruptHandler@InterruptHandler  cstackCOMRAM 000025
Verifypass@i                                  cstackCOMRAM 000029
_ANSELA                                       (abs)        003A40
_ANSELB                                       (abs)        003A50
_ANSELC                                       (abs)        003A60
_ANSELD                                       (abs)        003A70
_ANSELE                                       (abs)        003A80
_Cancel_status                                text22       01117E
_Delete_Finger                                text20       010C64
_Gen_Model                                    text19       010F2A
_Gen_char                                     text18       010E44
_Getfinger                                    text17       01106C
_Handshake                                    text16       010EB8
_INLVLA                                       (abs)        003A44
_INLVLB                                       (abs)        003A54
_INLVLC                                       (abs)        003A64
_INLVLD                                       (abs)        003A74
_INLVLE                                       (abs)        003A84
_INTCON0bits                                  (abs)        003FD2
_INTERRUPT_Initialize                         text14       0112DE
_INTERRUPT_InterruptManager                   text29       010CE4
_LATA                                         (abs)        003FBA
_LATB                                         (abs)        003FBB
_LATBbits                                     (abs)        003FBB
_LATC                                         (abs)        003FBC
_LATD                                         (abs)        003FBD
_LATE                                         (abs)        003FBE
_LCDClearDisplay                              text26       0111FE
_LCDPrintChar                                 text15       011264
_LCDPrintString                               text23       010768
_LCDSendByte                                  text27       010B4A
_LCDSendByte$198                              cstackCOMRAM 000034
_LCDSendNibble                                text28       01054C
_LCDSendNibble$191                            cstackCOMRAM 000027
_LCDSendNibble$192                            cstackCOMRAM 000029
_LCDSendNibble$193                            cstackCOMRAM 00002B
_LCDSendNibble$194                            cstackCOMRAM 00002D
_LCDSetPos                                    text25       01114C
_LCD_PORT                                     dataCOMRAM   00005B
_LCD_TRIS                                     dataCOMRAM   000056
_ODCONA                                       (abs)        003A42
_ODCONB                                       (abs)        003A52
_ODCONC                                       (abs)        003A62
_ODCOND                                       (abs)        003A72
_ODCONE                                       (abs)        003A82
_OSCCON1                                      (abs)        0039D9
_OSCCON3                                      (abs)        0039DB
_OSCEN                                        (abs)        0039DD
_OSCFRQ                                       (abs)        0039DF
_OSCILLATOR_Initialize                        text13       01124C
_OSCTUNE                                      (abs)        0039DE
_PIE3bits                                     (abs)        003993
_PIN_MANAGER_Initialize                       text12       010AB0
_PIR3bits                                     (abs)        0039A3
_PMD0                                         (abs)        0039C0
_PMD1                                         (abs)        0039C1
_PMD2                                         (abs)        0039C2
_PMD3                                         (abs)        0039C3
_PMD4                                         (abs)        0039C4
_PMD5                                         (abs)        0039C5
_PMD6                                         (abs)        0039C6
_PMD7                                         (abs)        0039C7
_PMD_Initialize                               text11       0111DA
_PORTAbits                                    (abs)        003FCA
_PORTBbits                                    (abs)        003FCB
_PORTD                                        (abs)        003FCD
_RB1I2C                                       (abs)        003A5A
_RB2I2C                                       (abs)        003A5B
_RC3I2C                                       (abs)        003A6A
_RC4I2C                                       (abs)        003A6B
_RD0I2C                                       (abs)        003A7A
_RD1I2C                                       (abs)        003A7B
_Rx_package                                   bssCOMRAM    000001
_Rx_package_custom                            text31       011218
_Rx_package_flush                             text21       01110E
_Rx_package_index                             bssCOMRAM    000024
_SLRCONA                                      (abs)        003A43
_SLRCONB                                      (abs)        003A53
_SLRCONC                                      (abs)        003A63
_SLRCOND                                      (abs)        003A73
_SLRCONE                                      (abs)        003A83
_SYSTEM_Initialize                            text4        01127C
_Search_Finger                                text3        010DD0
_Store_char                                   text2        010BE4
_TRISA                                        (abs)        003FC2
_TRISB                                        (abs)        003FC3
_TRISC                                        (abs)        003FC4
_TRISD                                        (abs)        003FC5
_TRISE                                        (abs)        003FC6
_TxPack_DeletChar                             dataBANK0    000071
_TxPack_GenImg                                dataBANK0    0000AB
_TxPack_GetEcho                               dataBANK0    0000B7
_TxPack_Img2Tz                                dataCOMRAM   000044
_TxPack_RegModel                              dataBANK0    00009F
_TxPack_Search                                dataBANK0    000060
_TxPack_Store                                 dataBANK0    000091
_TxPack_VfyPwd                                dataBANK0    000081
_U1BRGH                                       (abs)        003DF6
_U1BRGL                                       (abs)        003DF5
_U1CON0                                       (abs)        003DF2
_U1CON1                                       (abs)        003DF3
_U1CON2                                       (abs)        003DF4
_U1ERRIE                                      (abs)        003DFA
_U1ERRIR                                      (abs)        003DF9
_U1ERRIRbits                                  (abs)        003DF9
_U1FIFO                                       (abs)        003DF7
_U1P1H                                        (abs)        003DED
_U1P1L                                        (abs)        003DEC
_U1P2H                                        (abs)        003DEF
_U1P2L                                        (abs)        003DEE
_U1P3H                                        (abs)        003DF1
_U1P3L                                        (abs)        003DF0
_U1RXB                                        (abs)        003DE8
_U1RXPPS                                      (abs)        003AE5
_U1TXB                                        (abs)        003DEA
_U1UIR                                        (abs)        003DF8
_UART1_DefaultErrorHandler                    text35       0112D8
_UART1_DefaultFramingErrorHandler             text34       0112E4
_UART1_DefaultOverrunErrorHandler             text33       0112E2
_UART1_ErrorHandler                           nvBANK0      0000D3
_UART1_FramingErrorHandler                    nvBANK0      0000D9
_UART1_Initialize                             text5        0109F8
_UART1_OverrunErrorHandler                    nvBANK0      0000D6
_UART1_Receive_ISR                            text32       01086E
_UART1_RxDataHandler                          text36       0111AE
_UART1_RxInterruptHandler                     nvBANK0      0000DF
_UART1_SetErrorHandler                        text10       0112CA
_UART1_SetFramingErrorHandler                 text9        0112BC
_UART1_SetOverrunErrorHandler                 text8        0112AE
_UART1_SetRxInterruptHandler                  text7        0112A0
_UART1_SetTxInterruptHandler                  text6        011292
_UART1_Transmit_ISR                           text30       0110CA
_UART1_TxInterruptHandler                     nvBANK0      0000DC
_User_ID                                      dataCOMRAM   000051
_Users                                        bssCOMRAM    000023
_Verifypass                                   text1        010D5C
_WPUA                                         (abs)        003A41
_WPUB                                         (abs)        003A51
_WPUC                                         (abs)        003A61
_WPUD                                         (abs)        003A71
_WPUE                                         (abs)        003A81
__HRAM                                        (abs)        000000
__Habs1                                       abs1         000000
__Hbank0                                      bank0        000000
__Hbank1                                      bank1        000000
__Hbank10                                     bank10       000000
__Hbank11                                     bank11       000000
__Hbank12                                     bank12       000000
__Hbank13                                     bank13       000000
__Hbank14                                     bank14       000000
__Hbank15                                     bank15       000000
__Hbank16                                     bank16       000000
__Hbank17                                     bank17       000000
__Hbank18                                     bank18       000000
__Hbank19                                     bank19       000000
__Hbank2                                      bank2        000000
__Hbank20                                     bank20       000000
__Hbank21                                     bank21       000000
__Hbank22                                     bank22       000000
__Hbank23                                     bank23       000000
__Hbank24                                     bank24       000000
__Hbank25                                     bank25       000000
__Hbank26                                     bank26       000000
__Hbank27                                     bank27       000000
__Hbank28                                     bank28       000000
__Hbank29                                     bank29       000000
__Hbank3                                      bank3        000000
__Hbank30                                     bank30       000000
__Hbank31                                     bank31       000000
__Hbank4                                      bank4        000000
__Hbank5                                      bank5        000000
__Hbank6                                      bank6        000000
__Hbank7                                      bank7        000000
__Hbank8                                      bank8        000000
__Hbank9                                      bank9        000000
__Hbigbss                                     bigbss       000000
__Hbigdata                                    bigdata      000000
__Hbigram                                     bigram       000000
__Hbss                                        bss          000000
__HbssBANK0                                   bssBANK0     000000
__HbssCOMRAM                                  bssCOMRAM    000000
__Hcinit                                      cinit        000000
__Hclrtext                                    clrtext      000000
__Hcomram                                     comram       000000
__Hconfig                                     config       30000A
__Hconst                                      const        000000
__HcstackCOMRAM                               cstackCOMRAM 000000
__Hdata                                       data         000000
__HdataBANK0                                  dataBANK0    000000
__HdataCOMRAM                                 dataCOMRAM   000000
__Heeprom_data                                eeprom_data  000000
__Hfarbss                                     farbss       000000
__Hfardata                                    fardata      000000
__Hibigdata                                   ibigdata     000000
__Hidata                                      idata        000000
__HidataBANK0                                 idataBANK0   000000
__HidataCOMRAM                                idataCOMRAM  000000
__Hidloc                                      idloc        200010
__Hifardata                                   ifardata     000000
__Hinit                                       init         00001E
__Hintsave_regs                               intsave_regs 000000
__Hirdata                                     irdata       000000
__Hivt0x8                                     ivt0x8       00001A
__Hmediumconst                                mediumconst  010000
__HnvBANK0                                    nvBANK0      000000
__HnvCOMRAM                                   nvCOMRAM     000000
__HnvFARRAM                                   nvFARRAM     000000
__Hnvbit                                      nvbit        000000
__Hnvrram                                     nvrram       000000
__Hparam                                      rparam       000000
__Hpowerup                                    powerup      000000
__Hram                                        ram          000000
__Hramtop                                     ramtop       002000
__Hrbit                                       rbit         000000
__Hrbss                                       rbss         000000
__Hrdata                                      rdata        000000
__Hreset_vec                                  reset_vec    000004
__Hrparam                                     rparam       000000
__Hsfr                                        sfr          000000
__Hsmallconst                                 smallconst   000000
__Hspace_0                                    (abs)        0112E6
__Hspace_1                                    (abs)        0000E2
__Hspace_2                                    (abs)        000000
__Hspace_4                                    (abs)        60000A
__Hstack                                      stack        000000
__Hstruct                                     struct       000000
__Htemp                                       temp         000000
__Htext                                       text         000000
__Htext0                                      text0        000000
__Htext1                                      text1        000000
__Htext10                                     text10       000000
__Htext11                                     text11       000000
__Htext12                                     text12       000000
__Htext13                                     text13       000000
__Htext14                                     text14       000000
__Htext15                                     text15       000000
__Htext16                                     text16       000000
__Htext17                                     text17       000000
__Htext18                                     text18       000000
__Htext19                                     text19       000000
__Htext2                                      text2        000000
__Htext20                                     text20       000000
__Htext21                                     text21       000000
__Htext22                                     text22       000000
__Htext23                                     text23       000000
__Htext24                                     text24       000000
__Htext25                                     text25       000000
__Htext26                                     text26       000000
__Htext27                                     text27       000000
__Htext28                                     text28       000000
__Htext29                                     text29       000000
__Htext3                                      text3        000000
__Htext30                                     text30       000000
__Htext31                                     text31       000000
__Htext32                                     text32       000000
__Htext33                                     text33       000000
__Htext34                                     text34       000000
__Htext35                                     text35       000000
__Htext36                                     text36       000000
__Htext37                                     text37       000000
__Htext4                                      text4        000000
__Htext5                                      text5        000000
__Htext6                                      text6        000000
__Htext7                                      text7        000000
__Htext8                                      text8        000000
__Htext9                                      text9        000000
__LRAM                                        (abs)        000001
__Labs1                                       abs1         000000
__Lbank0                                      bank0        000000
__Lbank1                                      bank1        000000
__Lbank10                                     bank10       000000
__Lbank11                                     bank11       000000
__Lbank12                                     bank12       000000
__Lbank13                                     bank13       000000
__Lbank14                                     bank14       000000
__Lbank15                                     bank15       000000
__Lbank16                                     bank16       000000
__Lbank17                                     bank17       000000
__Lbank18                                     bank18       000000
__Lbank19                                     bank19       000000
__Lbank2                                      bank2        000000
__Lbank20                                     bank20       000000
__Lbank21                                     bank21       000000
__Lbank22                                     bank22       000000
__Lbank23                                     bank23       000000
__Lbank24                                     bank24       000000
__Lbank25                                     bank25       000000
__Lbank26                                     bank26       000000
__Lbank27                                     bank27       000000
__Lbank28                                     bank28       000000
__Lbank29                                     bank29       000000
__Lbank3                                      bank3        000000
__Lbank30                                     bank30       000000
__Lbank31                                     bank31       000000
__Lbank4                                      bank4        000000
__Lbank5                                      bank5        000000
__Lbank6                                      bank6        000000
__Lbank7                                      bank7        000000
__Lbank8                                      bank8        000000
__Lbank9                                      bank9        000000
__Lbigbss                                     bigbss       000000
__Lbigdata                                    bigdata      000000
__Lbigram                                     bigram       000000
__Lbss                                        bss          000000
__LbssBANK0                                   bssBANK0     000000
__LbssCOMRAM                                  bssCOMRAM    000000
__Lcinit                                      cinit        000000
__Lclrtext                                    clrtext      000000
__Lcomram                                     comram       000000
__Lconfig                                     config       000000
__Lconst                                      const        000000
__LcstackCOMRAM                               cstackCOMRAM 000000
__Ldata                                       data         000000
__LdataBANK0                                  dataBANK0    000000
__LdataCOMRAM                                 dataCOMRAM   000000
__Leeprom_data                                eeprom_data  000000
__Lfarbss                                     farbss       000000
__Lfardata                                    fardata      000000
__Libigdata                                   ibigdata     000000
__Lidata                                      idata        000000
__LidataBANK0                                 idataBANK0   000000
__LidataCOMRAM                                idataCOMRAM  000000
__Lidloc                                      idloc        000000
__Lifardata                                   ifardata     000000
__Linit                                       init         00001A
__Lintsave_regs                               intsave_regs 000000
__Lirdata                                     irdata       000000
__Livt0x8                                     ivt0x8       000008
__Lmediumconst                                mediumconst  00FEF4
__LnvBANK0                                    nvBANK0      000000
__LnvCOMRAM                                   nvCOMRAM     000000
__LnvFARRAM                                   nvFARRAM     000000
__Lnvbit                                      nvbit        000000
__Lnvrram                                     nvrram       000000
__Lparam                                      rparam       000000
__Lpowerup                                    powerup      000000
__Lram                                        ram          000000
__Lramtop                                     ramtop       002000
__Lrbit                                       rbit         000000
__Lrbss                                       rbss         000000
__Lrdata                                      rdata        000000
__Lreset_vec                                  reset_vec    000000
__Lrparam                                     rparam       000000
__Lsfr                                        sfr          000000
__Lsmallconst                                 smallconst   000000
__Lspace_0                                    (abs)        000000
__Lspace_1                                    (abs)        000000
__Lspace_2                                    (abs)        000000
__Lspace_4                                    (abs)        000000
__Lstack                                      stack        000000
__Lstruct                                     struct       000000
__Ltemp                                       temp         000000
__Ltext                                       text         000000
__Ltext0                                      text0        000000
__Ltext1                                      text1        000000
__Ltext10                                     text10       000000
__Ltext11                                     text11       000000
__Ltext12                                     text12       000000
__Ltext13                                     text13       000000
__Ltext14                                     text14       000000
__Ltext15                                     text15       000000
__Ltext16                                     text16       000000
__Ltext17                                     text17       000000
__Ltext18                                     text18       000000
__Ltext19                                     text19       000000
__Ltext2                                      text2        000000
__Ltext20                                     text20       000000
__Ltext21                                     text21       000000
__Ltext22                                     text22       000000
__Ltext23                                     text23       000000
__Ltext24                                     text24       000000
__Ltext25                                     text25       000000
__Ltext26                                     text26       000000
__Ltext27                                     text27       000000
__Ltext28                                     text28       000000
__Ltext29                                     text29       000000
__Ltext3                                      text3        000000
__Ltext30                                     text30       000000
__Ltext31                                     text31       000000
__Ltext32                                     text32       000000
__Ltext33                                     text33       000000
__Ltext34                                     text34       000000
__Ltext35                                     text35       000000
__Ltext36                                     text36       000000
__Ltext37                                     text37       000000
__Ltext4                                      text4        000000
__Ltext5                                      text5        000000
__Ltext6                                      text6        000000
__Ltext7                                      text7        000000
__Ltext8                                      text8        000000
__Ltext9                                      text9        000000
__S0                                          (abs)        0112E6
__S1                                          (abs)        0000E2
__S2                                          (abs)        000000
__S4                                          (abs)        000000
__S5                                          (abs)        000000
___awdiv                                      text24       010934
___awdiv@counter                              cstackCOMRAM 000029
___awdiv@dividend                             cstackCOMRAM 000025
___awdiv@divisor                              cstackCOMRAM 000027
___awdiv@quotient                             cstackCOMRAM 00002B
___awdiv@sign                                 cstackCOMRAM 00002A
___inthi_sp                                   stack        000000
___intlo_sp                                   stack        000000
___param_bank                                 (abs)        000000
___rparam_used                                (abs)        000001
___sp                                         stack        000000
__accesstop                                   (abs)        000060
__activetblptr                                (abs)        000003
__end_of_Cancel_status                        text22       0111AE
__end_of_Delete_Finger                        text20       010CE4
__end_of_Gen_Model                            text19       010F9A
__end_of_Gen_char                             text18       010EB8
__end_of_Getfinger                            text17       0110CA
__end_of_Handshake                            text16       010F2A
__end_of_INTERRUPT_Initialize                 text14       0112E2
__end_of_INTERRUPT_InterruptManager           text29       010D5C
__end_of_LCDClearDisplay                      text26       011218
__end_of_LCDPrintChar                         text15       01127C
__end_of_LCDPrintString                       text23       01086E
__end_of_LCDSendByte                          text27       010BE4
__end_of_LCDSendNibble                        text28       010768
__end_of_LCDSetPos                            text25       01117E
__end_of_OSCILLATOR_Initialize                text13       011264
__end_of_PIN_MANAGER_Initialize               text12       010B4A
__end_of_PMD_Initialize                       text11       0111FE
__end_of_Rx_package_custom                    text31       011232
__end_of_Rx_package_flush                     text21       01114C
__end_of_SYSTEM_Initialize                    text4        011292
__end_of_Search_Finger                        text3        010E44
__end_of_Store_char                           text2        010C64
__end_of_UART1_DefaultErrorHandler            text35       0112DE
__end_of_UART1_DefaultFramingErrorHandler     text34       0112E6
__end_of_UART1_DefaultOverrunErrorHandler     text33       0112E4
__end_of_UART1_Initialize                     text5        010AB0
__end_of_UART1_Receive_ISR                    text32       010934
__end_of_UART1_RxDataHandler                  text36       0111DA
__end_of_UART1_SetErrorHandler                text10       0112D8
__end_of_UART1_SetFramingErrorHandler         text9        0112CA
__end_of_UART1_SetOverrunErrorHandler         text8        0112BC
__end_of_UART1_SetRxInterruptHandler          text7        0112AE
__end_of_UART1_SetTxInterruptHandler          text6        0112A0
__end_of_UART1_Transmit_ISR                   text30       01110E
__end_of_Verifypass                           text1        010DD0
__end_of___awdiv                              text24       0109F8
__end_of__initialization                      cinit        011002
__end_of_main                                 text0        01054C
__initialization                              cinit        010F9A
__mediumconst                                 mediumconst  00FEF4
__pbssBANK0                                   bssBANK0     0000C3
__pbssCOMRAM                                  bssCOMRAM    000001
__pcinit                                      cinit        010F9A
__pcstackCOMRAM                               cstackCOMRAM 000025
__pdataBANK0                                  dataBANK0    000060
__pdataCOMRAM                                 dataCOMRAM   000044
__pidataBANK0                                 idataBANK0   011008
__pidataCOMRAM                                idataCOMRAM  011232
__pivt0x8                                     ivt0x8       000008
__pmediumconst                                mediumconst  00FEF4
__pnvBANK0                                    nvBANK0      0000D3
__pnvCOMRAM                                   nvCOMRAM     00005D
__ptext0                                      text0        010000
__ptext1                                      text1        010D5C
__ptext10                                     text10       0112CA
__ptext11                                     text11       0111DA
__ptext12                                     text12       010AB0
__ptext13                                     text13       01124C
__ptext14                                     text14       0112DE
__ptext15                                     text15       011264
__ptext16                                     text16       010EB8
__ptext17                                     text17       01106C
__ptext18                                     text18       010E44
__ptext19                                     text19       010F2A
__ptext2                                      text2        010BE4
__ptext20                                     text20       010C64
__ptext21                                     text21       01110E
__ptext22                                     text22       01117E
__ptext23                                     text23       010768
__ptext24                                     text24       010934
__ptext25                                     text25       01114C
__ptext26                                     text26       0111FE
__ptext27                                     text27       010B4A
__ptext28                                     text28       01054C
__ptext29                                     text29       010CE4
__ptext3                                      text3        010DD0
__ptext30                                     text30       0110CA
__ptext31                                     text31       011218
__ptext32                                     text32       01086E
__ptext33                                     text33       0112E2
__ptext34                                     text34       0112E4
__ptext35                                     text35       0112D8
__ptext36                                     text36       0111AE
__ptext37                                     text37       000000
__ptext4                                      text4        01127C
__ptext5                                      text5        0109F8
__ptext6                                      text6        011292
__ptext7                                      text7        0112A0
__ptext8                                      text8        0112AE
__ptext9                                      text9        0112BC
__ramtop                                      ramtop       002000
__size_of_Cancel_status                       (abs)        000000
__size_of_Delete_Finger                       (abs)        000000
__size_of_Gen_Model                           (abs)        000000
__size_of_Gen_char                            (abs)        000000
__size_of_Getfinger                           (abs)        000000
__size_of_Handshake                           (abs)        000000
__size_of_INTERRUPT_Initialize                (abs)        000000
__size_of_INTERRUPT_InterruptManager          (abs)        000000
__size_of_LCDClearDisplay                     (abs)        000000
__size_of_LCDPrintChar                        (abs)        000000
__size_of_LCDPrintString                      (abs)        000000
__size_of_LCDSendByte                         (abs)        000000
__size_of_LCDSendNibble                       (abs)        000000
__size_of_LCDSetPos                           (abs)        000000
__size_of_OSCILLATOR_Initialize               (abs)        000000
__size_of_PIN_MANAGER_Initialize              (abs)        000000
__size_of_PMD_Initialize                      (abs)        000000
__size_of_Rx_package_custom                   (abs)        000000
__size_of_Rx_package_flush                    (abs)        000000
__size_of_SYSTEM_Initialize                   (abs)        000000
__size_of_Search_Finger                       (abs)        000000
__size_of_Store_char                          (abs)        000000
__size_of_UART1_DefaultErrorHandler           (abs)        000000
__size_of_UART1_DefaultFramingErrorHandler    (abs)        000000
__size_of_UART1_DefaultOverrunErrorHandler    (abs)        000000
__size_of_UART1_Initialize                    (abs)        000000
__size_of_UART1_Receive_ISR                   (abs)        000000
__size_of_UART1_RxDataHandler                 (abs)        000000
__size_of_UART1_SetErrorHandler               (abs)        000000
__size_of_UART1_SetFramingErrorHandler        (abs)        000000
__size_of_UART1_SetOverrunErrorHandler        (abs)        000000
__size_of_UART1_SetRxInterruptHandler         (abs)        000000
__size_of_UART1_SetTxInterruptHandler         (abs)        000000
__size_of_UART1_Transmit_ISR                  (abs)        000000
__size_of_Verifypass                          (abs)        000000
__size_of___awdiv                             (abs)        000000
__size_of_main                                (abs)        000000
__smallconst                                  smallconst   000000
_lcdCursorDisplayShift                        dataCOMRAM   000058
_lcdDisplayControl                            dataCOMRAM   000059
_lcdEntryMode                                 dataCOMRAM   00005A
_main                                         text0        010000
_uart1RxBuffer                                bssBANK0     0000C3
_uart1RxCount                                 bssCOMRAM    00001E
_uart1RxHead                                  bssCOMRAM    000020
_uart1RxLastError                             bssCOMRAM    00001D
_uart1RxStatusBuffer                          bssCOMRAM    000015
_uart1RxTail                                  bssCOMRAM    00001F
_uart1TxBuffer                                bssBANK0     0000CB
_uart1TxBufferRemaining                       nvCOMRAM     00005D
_uart1TxHead                                  bssCOMRAM    000022
_uart1TxTail                                  bssCOMRAM    000021
end_of_initialization                         cinit        011002
intlevel0                                     text         000000
intlevel1                                     text         000000
intlevel2                                     text         000000
intlevel3                                     text         000000
isa$std                                       (abs)        000001
isa$xinst                                     (abs)        000000
ivt0x8_base                                   ivt0x8       000008
main@Del_user                                 cstackCOMRAM 000043
stackhi                                       (abs)        001FFF
stacklo                                       (abs)        0000E2
start                                         init         00001A
start_initialization                          cinit        010F9A


MODULE INFORMATION

Module		Function		Class		Link	Load	Size
C:\Program Files\Microchip\xc8\v2.32\pic\sources\c99\common\awdiv.c
		___awdiv       		CODE           	10934	0000	196

C:\Program Files\Microchip\xc8\v2.32\pic\sources\c99\common\awdiv.c estimated size: 196

mcc_generated_files/SEN0188.c
		_Gen_Model     		CODE           	10F2A	0000	112
		_Store_char    		CODE           	10BE4	0000	128
		_Verifypass    		CODE           	10D5C	0000	116
		_Search_Finger 		CODE           	10DD0	0000	116
		_Gen_char      		CODE           	10E44	0000	116
		_Delete_Finger 		CODE           	10C64	0000	128
		_Getfinger     		CODE           	1106C	0000	94
		_Handshake     		CODE           	10EB8	0000	114
		_Rx_package_flush		CODE           	1110E	0000	62
		_Rx_package_custom		CODE           	11218	0000	26

mcc_generated_files/SEN0188.c estimated size: 1012

mcc_generated_files/interrupt_manager.c
		_INTERRUPT_Initialize		CODE           	112DE	0000	4
		_INTERRUPT_InterruptManager		CODE           	10CE4	0000	120

mcc_generated_files/interrupt_manager.c estimated size: 124

mcc_generated_files/pin_manager.c
		_PIN_MANAGER_Initialize		CODE           	10AB0	0000	154

mcc_generated_files/pin_manager.c estimated size: 154

mcc_generated_files/uart1.c
		_UART1_SetFramingErrorHandler		CODE           	112BC	0000	14
		_UART1_SetOverrunErrorHandler		CODE           	112AE	0000	14
		_UART1_Receive_ISR		CODE           	1086E	0000	198
		_UART1_SetRxInterruptHandler		CODE           	112A0	0000	14
		_UART1_SetTxInterruptHandler		CODE           	11292	0000	14
		_UART1_Initialize		CODE           	109F8	0000	184
		_UART1_SetErrorHandler		CODE           	112CA	0000	14
		_UART1_Transmit_ISR		CODE           	110CA	0000	68
		_UART1_DefaultFramingErrorHandler		CODE           	112E4	0000	2
		_UART1_DefaultErrorHandler		CODE           	112D8	0000	6
		_UART1_RxDataHandler		CODE           	111AE	0000	44
		_UART1_DefaultOverrunErrorHandler		CODE           	112E2	0000	2

mcc_generated_files/uart1.c estimated size: 574

shared
		__initialization		CODE           	10F9A	0000	104

shared estimated size: 104

mcc_generated_files/mcc.c
		_PMD_Initialize		CODE           	111DA	0000	36
		_OSCILLATOR_Initialize		CODE           	1124C	0000	24
		_SYSTEM_Initialize		CODE           	1127C	0000	22

mcc_generated_files/mcc.c estimated size: 82

mcc_generated_files/lcd.c
		_LCDSendByte   		CODE           	10B4A	0000	154
		_LCDSendNibble 		CODE           	1054C	0000	540
		_LCDPrintChar  		CODE           	11264	0000	24
		_LCDClearDisplay		CODE           	111FE	0000	26
		_LCDSetPos     		CODE           	1114C	0000	50
		_LCDPrintString		CODE           	10768	0000	262

mcc_generated_files/lcd.c estimated size: 1056

main.c
		_Cancel_status 		CODE           	1117E	0000	48
		_main          		CODE           	10000	0000	1356

main.c estimated size: 1404

